// Jest Snapshot v1, https://goo.gl/fbAQLP

exports[`GiftItem debe hacer match con el snapshot 1`] = `
<div>
  <div
    class="card animate__animated animate__fadeIn"
  >
    <img
      alt="pokemon"
      src="https://localhost/pokemon.jpg"
    />
    <p>
      pokemon
    </p>
  </div>
</div>
`;
